---
source: tests/e2e.rs
assertion_line: 306
expression: redacted
---
{
  "gh_credentials": {
    "gh_auth": {
      "available": "<REDACTED>",
      "error": "<REDACTED>",
      "logged_in": "<REDACTED>"
    },
    "git_config": {
      "complete": "<REDACTED>",
      "user_email": "<GIT_USER_EMAIL>",
      "user_name": "<GIT_USER_NAME>"
    },
    "origin_remote": {
      "error": "<REDACTED>",
      "present": false,
      "url": null
    },
    "ssh_keys": {
      "any_present": "<REDACTED>",
      "found": ["<REDACTED>"]
    }
  },
  "log_dir": {
    "resolved": "<ALC_HOME>/logs",
    "source": "~/.algocline/logs"
  },
  "log_enabled": true,
  "packages_dir": "<ALC_HOME>/packages",
  "preset_catalog_version": "preset-catalog@2026-04-23",
  "search_paths": [
    {
      "path": "<ALC_HOME>/packages",
      "source": "ALC_PACKAGES_PATH"
    },
    {
      "path": "<HOME>/.algocline/packages",
      "source": "default"
    }
  ],
  "settings": {
    "resolved": "<REDACTED>",
    "sources": "<REDACTED>"
  },
  "tracing": "file + stderr",
  "version": "0.48.1"
}
