---
source: tests/e2e.rs
assertion_line: 108
expression: names
---
[
  "alc_advice",
  "alc_card_alias_list",
  "alc_card_alias_set",
  "alc_card_append",
  "alc_card_find",
  "alc_card_get",
  "alc_card_get_by_alias",
  "alc_card_install",
  "alc_card_lineage",
  "alc_card_list",
  "alc_card_samples",
  "alc_card_sink_backfill",
  "alc_continue",
  "alc_eval",
  "alc_eval_compare",
  "alc_eval_detail",
  "alc_eval_history",
  "alc_hub_info",
  "alc_hub_reindex",
  "alc_hub_search",
  "alc_info",
  "alc_init",
  "alc_log_view",
  "alc_migrate",
  "alc_note",
  "alc_pkg_doctor",
  "alc_pkg_install",
  "alc_pkg_link",
  "alc_pkg_list",
  "alc_pkg_remove",
  "alc_pkg_repair",
  "alc_pkg_unlink",
  "alc_run",
  "alc_scenario_install",
  "alc_scenario_list",
  "alc_scenario_show",
  "alc_stats",
  "alc_status",
  "alc_update"
]
