---
source: tests/e2e.rs
assertion_line: 126
expression: redacted
---
{
  "log_dir": {
    "resolved": "<HOME>/.algocline/logs",
    "source": "~/.algocline/logs"
  },
  "log_enabled": true,
  "packages_dir": "<HOME>/.algocline/packages",
  "preset_catalog_version": "preset-catalog@2026-04-23",
  "search_paths": [
    {
      "path": "<HOME>/.algocline/packages",
      "source": "default"
    }
  ],
  "tracing": "file + stderr",
  "version": "0.26.3"
}
